Скрипт создания таблиц
Вандюков А. Д. ИУ4-82Б
Создание таблицы equipment
DROP TABLE equipment CASCADE CONSTRAINTS
           *
ошибка в строке 1:
ORA-00942: таблица или представление пользователя не существует 



Таблица создана.

Создание таблицы products
DROP TABLE products CASCADE CONSTRAINTS
           *
ошибка в строке 1:
ORA-00942: таблица или представление пользователя не существует 



Таблица создана.

Создание таблицы operations
DROP TABLE operations CASCADE CONSTRAINTS
           *
ошибка в строке 1:
ORA-00942: таблица или представление пользователя не существует 



Таблица создана.

Создание таблицы elements
DROP TABLE elements CASCADE CONSTRAINTS
           *
ошибка в строке 1:
ORA-00942: таблица или представление пользователя не существует 



Таблица создана.

Создание таблицы users
DROP TABLE users CASCADE CONSTRAINTS
           *
ошибка в строке 1:
ORA-00942: таблица или представление пользователя не существует 



Таблица создана.


Фиксация обновлений завершена.

